.next/types/validator.ts(161,39): error TS2307: Cannot find module '../../app/api/auth/reset-password/route.js' or its corresponding type declarations.
.next/types/validator.ts(251,39): error TS2307: Cannot find module '../../app/api/conversations/upload/route.js' or its corresponding type declarations.
